bash: /opt/ros/noetic/setup.bash: No such file or directory
bash: /opt/ros/noetic/setup.bash: No such file or directory
jacob@jacob-ROS-VirtualBox:~$ cd
jacob@jacob-ROS-VirtualBox:~$ ls

ghp_iTOkSkuhb7auh    
QBIvITDv9x9YOPQv80hizgR

bag_files  filePAthForRosWheel.txt  Public                 testShellScript.sh
catkin_ws  GitHubKey.txt            ros2_ws                turtlesim.yaml
Desktop    GithubProjects           snap                   Videos
Documents  Music                    Templates
Downloads  Pictures                 test_installation_ros
jacob@jacob-ROS-VirtualBox:~$ cd test_installation_ros
jacob@jacob-ROS-VirtualBox:~/test_installation_ros$ ls
build  install  log  ROS-Wheel-Castor-Bot
jacob@jacob-ROS-VirtualBox:~/test_installation_ros$ cd ROS-Wheel-Castor-Bot
jacob@jacob-ROS-VirtualBox:~/test_installation_ros/ROS-Wheel-Castor-Bot$ ls
build  install  InstallRos2Humble.sh  log  README.md
jacob@jacob-ROS-VirtualBox:~/test_installation_ros/ROS-Wheel-Castor-Bot$ ls
build  install  InstallRos2Humble.sh  log  README.md
jacob@jacob-ROS-VirtualBox:~/test_installation_ros/ROS-Wheel-Castor-Bot$ git remote -v
origin	https://JustASimpleCoder@github.com/JustASimpleCoder/ROS-Wheel-Castor-Bot.git (fetch)
origin	https://JustASimpleCoder@github.com/JustASimpleCoder/ROS-Wheel-Castor-Bot.git (push)
jacob@jacob-ROS-VirtualBox:~/test_installation_ros/ROS-Wheel-Castor-Bot$ git add
Nothing specified, nothing added.
hint: Maybe you wanted to say 'git add .'?
hint: Turn this message off by running
hint: "git config advice.addEmptyPathspec false"
jacob@jacob-ROS-VirtualBox:~/test_installation_ros/ROS-Wheel-Castor-Bot$ git add build
jacob@jacob-ROS-VirtualBox:~/test_installation_ros/ROS-Wheel-Castor-Bot$ git commit -m "added build file"
[main 0d87c6c] added build file
 2 files changed, 1 insertion(+)
 create mode 100644 build/.built_by
 create mode 100644 build/COLCON_IGNORE
jacob@jacob-ROS-VirtualBox:~/test_installation_ros/ROS-Wheel-Castor-Bot$ git push origin main
Password for 'https://JustASimpleCoder@github.com': 
remote: Invalid username or password.
fatal: Authentication failed for 'https://github.com/JustASimpleCoder/ROS-Wheel-Castor-Bot.git/'
jacob@jacob-ROS-VirtualBox:~/test_installation_ros/ROS-Wheel-Castor-Bot$ git push origin main
Password for 'https://JustASimpleCoder@github.com': 
remote: Support for password authentication was removed on August 13, 2021.
remote: Please see https://docs.github.com/get-started/getting-started-with-git/about-remote-repositories#cloning-with-https-urls for information on currently recommended modes of authentication.
fatal: Authentication failed for 'https://github.com/JustASimpleCoder/ROS-Wheel-Castor-Bot.git/'
jacob@jacob-ROS-VirtualBox:~/test_installation_ros/ROS-Wheel-Castor-Bot$ git push origin main
Password for 'https://JustASimpleCoder@github.com': 
remote: Support for password authentication was removed on August 13, 2021.
remote: Please see https://docs.github.com/get-started/getting-started-with-git/about-remote-repositories#cloning-with-https-urls for information on currently recommended modes of authentication.
fatal: Authentication failed for 'https://github.com/JustASimpleCoder/ROS-Wheel-Castor-Bot.git/'
jacob@jacob-ROS-VirtualBox:~/test_installation_ros/ROS-Wheel-Castor-Bot$ 

